{"componentChunkName":"component---src-views-pdp-pdp-tsx","path":"/properties/united-states/co/golden/office-properties-for-lease/US-SMPL-47716","result":{"pageContext":{"listing":{"Common.ActualAddress":{"Common.Line1":" ","Common.Line2":"651 Corporate Circle","Common.Line3":" ","Common.Locallity":"Golden","Common.Region":"CO","Common.PostalAddresses":[{"Common.Language":"en-US","Common.Line1":" ","Common.Line2":"651 Corporate Circle","Common.Line3":" ","Common.Locallity":"Golden","Common.Region":"CO"}],"Common.Country":"US","Common.PostCode":"80401"},"Common.Agents":[{"Common.EmailAddress":"blake.holcomb@cbre.com","Common.AgentName":"Blake Holcomb","Common.TelephoneNumber":"303 583 2022","Common.AgentOffice":"Colorado - Denver Downtown"},{"Common.EmailAddress":"brian.hutt@cbre.com","Common.AgentName":"Brian Hutt","Common.TelephoneNumber":"303 349 3460","Common.AgentOffice":"Colorado - Denver Downtown"}],"Common.Aspects":["isLetting"],"Common.Availability":{"Common.AvailabilityKind":"AvailableFromKnownDate","Common.MonthsAfterLeaseOrSale":0},"Common.Brochures":[{"Common.Uri":"/resources/fileassets/US-SMPL-47716/b9372485/ccf968f9-809d-4b67-b251-3a89ba7f8b5c.pdf","Common.CultureCode":"en-US","Common.UriExternal":false,"Common.BrochureName":"651 Corporate Circle Brochure.pdf"}],"Common.Charges":[{"Common.ChargeKind":"Rent","Common.CurrencyCode":"USD","Common.Interval":"Monthly","Common.Amount":16,"Common.AmountKind":"Value","Common.Year":0,"Common.PerUnit":"sqft","Common.TaxModifer":"None","Common.ChargeModifer":"From","Common.OnApplication":false,"Common.Exact":false},{"Common.ChargeKind":"Rent","Common.CurrencyCode":"USD","Common.Interval":"Monthly","Common.Amount":16,"Common.AmountKind":"Value","Common.Year":0,"Common.PerUnit":"sqft","Common.TaxModifer":"None","Common.ChargeModifer":"To","Common.OnApplication":false,"Common.Exact":false}],"Common.ContactGroup":{"Common.Contacts":[{"Common.EmailAddress":"blake.holcomb@cbre.com","Common.AgentName":"Blake Holcomb","Common.TelephoneNumber":"303 583 2022","Common.Avatar":"https://cbprodcusde.blob.core.windows.net/avatar/c3a90988-b028-4890-b918-4bf5518004f6.jpg"},{"Common.EmailAddress":"brian.hutt@cbre.com","Common.AgentName":"Brian Hutt","Common.TelephoneNumber":"303 349 3460"}]},"Common.Coordinate":{"lat":39.71699055,"lon":-105.19304095},"Common.Created":"2020-08-31","Common.ExternalParkingSpaces":0,"Common.FloorPlans":[],"Common.FloorsAndUnits":[{"Common.SubdivisionName":[{"Common.CultureCode":"en-US","Common.Text":"Suite 110"}],"Common.Areas":[{"Common.Units":"sqft","Common.Area":1885}],"Common.Unit.Status":"Available","Common.Unit.Use":"Office","Common.ApproxArea":false,"Common.Availability":{"Common.AvailabilityKind":"AvailableFromKnownDate","Common.MonthsAfterLeaseOrSale":0},"Common.Charges":[{"Common.ChargeKind":"Rent","Common.CurrencyCode":"USD","Common.Interval":"Annually","Common.Amount":16,"Common.AmountKind":"Value","Common.Year":0,"Common.PerUnit":"sqft","Common.TaxModifer":"None","Common.OnApplication":false,"Common.Exact":false}],"Common.SpaceDescription":[{"Common.CultureCode":"en-US","Common.Text":"Spec Suite with 2 offices, interior conference room, private restroom, break room and open office area. "}],"Common.LeaseTypes":"LeaseHold","Common.UnitBrochures":[{"Common.Uri":"https://wwwlistingssearchcbreeun.blob.core.windows.net/fileassets/US-SMPL-47716/b9372485/43e6c179-7dea-4a8f-8d2a-4e2896aae6ee.pdf","Common.CultureCode":"en-US","Common.UriExternal":false,"Common.BrochureName":"651 Corporate Circle Brochure.pdf"}],"Common.UnitFloorPlans":[{"Common.ImageCaption":"651 Corporate Circle Suite 110 - 1,885 SF","Common.AddWatermark":false,"Common.ImageResources":[{"Common.Image.Height":0,"Common.Resource.Uri":"/resources/fileassets/US-SMPL-47716/b777bc55/50f3aef1-f919-4c92-a916-09580a61d385.jpg","Common.Image.Width":0}]}],"Common.UnitPhotos":[]},{"Common.SubdivisionName":[{"Common.CultureCode":"en-US","Common.Text":"Suite 201"}],"Common.Areas":[{"Common.Units":"sqft","Common.Area":2550}],"Common.Unit.Status":"Available","Common.Unit.Use":"Office","Common.ApproxArea":false,"Common.Availability":{"Common.AvailabilityKind":"AvailableFromKnownDate","Common.MonthsAfterLeaseOrSale":0},"Common.Charges":[{"Common.ChargeKind":"Rent","Common.CurrencyCode":"USD","Common.Interval":"Annually","Common.Amount":16,"Common.AmountKind":"Value","Common.Year":0,"Common.PerUnit":"sqft","Common.TaxModifer":"None","Common.OnApplication":false,"Common.Exact":false}],"Common.SpaceDescription":[{"Common.CultureCode":"en-US","Common.Text":"5 exterior offices, exterior conference room, private restroom, break room, reception and open office area"}],"Common.LeaseTypes":"LeaseHold","Common.UnitBrochures":[{"Common.Uri":"https://wwwlistingssearchcbreeun.blob.core.windows.net/fileassets/US-SMPL-47716/b9372485/715389fe-e161-4f9e-b51a-805e5c4bfec5.pdf","Common.CultureCode":"en-US","Common.UriExternal":false,"Common.BrochureName":"651 Corporate Circle Brochure.pdf"}],"Common.UnitFloorPlans":[{"Common.ImageCaption":"651 Corporate Circle Suite 201 - 2,550 SF","Common.AddWatermark":false,"Common.ImageResources":[{"Common.Image.Height":0,"Common.Resource.Uri":"/resources/fileassets/US-SMPL-47716/3321b1f8/a8d4376c-a452-49c4-982b-cd450132df6a.jpg","Common.Image.Width":0}]}],"Common.UnitPhotos":[]}],"Common.GeoLocation":{"geometry":{"type":"Point","coordinates":[39.71699055,-105.19304095]},"Common.Exact":true},"Common.Highlights":[],"Common.HomeSite":"us-comm","Common.InternalParkingSpaces":0,"Common.IsParent":true,"Common.LastProcessed":"2021-07-06T18:22:37.2039862Z","Common.LastUpdated":"2021-07-06T18:18:15.908398Z","Common.LeaseRateType":"TripleNet","Common.LeaseTypes":["LeaseHold"],"Common.ListingCount":0,"Common.ListingOrder":0,"Common.LongDescription":[{"Common.CultureCode":"en-US","Common.Text":"Located in the 500,000 SF Corporate Center near downtown Golden.  Location offers convenient accessibility to Golden, the foothills, downtown Denver, I-70, 6th Avenue and C-470.  Additional amenities include private entrance, 24/7 HVAC control and upgraded tenant finishes.  "}],"Common.NumberOfBedrooms":0,"Common.NumberOfLots":0,"Common.Photos":[{"Common.ImageCaption":"651 Corporate Circle - Image 1","Common.AddWatermark":false,"Common.ImageResources":[{"Common.Breakpoint":"original","Common.Image.Height":0,"Common.Image.Width":0,"Common.Resource.Uri":"/resources/fileassets/US-SMPL-47716/789df452/c994c87c-c9a4-4307-bba0-5cc69b230a9b.png","Source.Uri":"https://wwwlistingssearchcbreeun.blob.core.windows.net/fileassets/US-SMPL-47716/789df452/c994c87c-c9a4-4307-bba0-5cc69b230a9b.png"},{"Common.Breakpoint":"small","Common.Image.Height":426,"Common.Image.Width":640,"Common.Resource.Uri":"/resources/fileassets/US-SMPL-47716/789df452/c994c87c-c9a4-4307-bba0-5cc69b230a9b_Photo_1_small.jpg","Source.Uri":"https://wwwlistingssearchcbreeun.blob.core.windows.net/fileassets/US-SMPL-47716/789df452/c994c87c-c9a4-4307-bba0-5cc69b230a9b.png"},{"Common.Breakpoint":"medium","Common.Image.Height":852,"Common.Image.Width":1280,"Common.Resource.Uri":"/resources/fileassets/US-SMPL-47716/789df452/c994c87c-c9a4-4307-bba0-5cc69b230a9b_Photo_1_medium.jpg","Source.Uri":"https://wwwlistingssearchcbreeun.blob.core.windows.net/fileassets/US-SMPL-47716/789df452/c994c87c-c9a4-4307-bba0-5cc69b230a9b.png"},{"Common.Breakpoint":"large","Common.Image.Height":1066,"Common.Image.Width":1600,"Common.Resource.Uri":"/resources/fileassets/US-SMPL-47716/789df452/c994c87c-c9a4-4307-bba0-5cc69b230a9b_Photo_1_large.jpg","Source.Uri":"https://wwwlistingssearchcbreeun.blob.core.windows.net/fileassets/US-SMPL-47716/789df452/c994c87c-c9a4-4307-bba0-5cc69b230a9b.png"}]}],"Common.PrimaryKey":"US-SMPL-47716","Common.Sizes":[{"Common.SizeKind":"MinimumSize","Common.Dimensions":[{"Common.DimensionsUnits":"sqft","Common.Amount":1885}]}],"Common.SourceLastupdated":"2021-07-06","Common.SourceSystem":{"Common.Name":"EDP ID","Common.Id":"null"},"Common.Status":"Available","Common.TotalSize":[{"Common.Units":"sqft","Common.Area":0,"Common.MinArea":1885}],"Common.UsageType":"Office","Common.YearBuilt":0,"Industrial.LoadingDocks":0,"Industrial.LoadingDoors":0,"UnitedKingdom.VATPayable":false,"Dynamic.NewHome":false,"Dynamic.UnderOffer":false,"Dynamic.LetUnderOffer":false,"Dynamic.Furnished":"unfurnished","Dynamic.HasSwimmingPool":false,"Dynamic.HasGym":false,"Dynamic.HasDoorkeeper":false,"Dynamic.IsPenthouse":false,"Dynamic.HasBalcony":false,"Dynamic.HasParking":false,"Dynamic.HasLift":false,"Dynamic.HasGarden":false,"Dynamic.DevelopmentOpportunity":false,"Dynamic.HasHotDesks":false,"Dynamic.HasFixedDesks":false,"Dynamic.HasServicedOffices":false,"Dynamic.Has24HourAccess":false,"Dynamic.HasBreakoutSpace":false,"Dynamic.HasRoofTerrace":false,"Dynamic.HasWheelchairAccess":false,"Dynamic.HasTeaCoffee":false,"Dynamic.HasFreeMeetingRooms":false,"Dynamic.HasCleaning":false,"Dynamic.HasShowers":false,"Dynamic.HasReception":false,"Dynamic.HasBicycleRack":false,"Dynamic.HasChildrensPlayArea":false,"Dynamic.HasTerrace":false,"Dynamic.HasAccessControl":false,"Dynamic.HasFloorsRaised":false,"Dynamic.HasStorageArchives":false,"Dynamic.HasWheelchairAccessToilets":false,"Dynamic.HasBarCafeteria":false,"Dynamic.HasBusinessLounge":false,"Dynamic.HasCoworkingArea":false,"Dynamic.HasGenerator":false,"Dynamic.HasElevators":false,"Dynamic.HasDayCare":false,"Dynamic.HasSecurity-24hours/7days":false,"Dynamic.HasFoodService-Cafeteria":false,"Dynamic.HasWalkthrough":false,"Dynamic.HasFlooredURL":false,"Dynamic.LettingCharge":12.29,"Dynamic.NetCharge":null,"Dynamic.SalePrice":null,"Dynamic.MinArea":1885,"Dynamic.TotalArea":null,"Dynamic.PrimaryImage":{"Common.ImageCaption":"651 Corporate Circle - Image 1","Common.AddWatermark":false,"Common.ImageResources":[{"Common.Breakpoint":"original","Common.Image.Height":0,"Common.Image.Width":0,"Common.Resource.Uri":"/resources/fileassets/US-SMPL-47716/789df452/c994c87c-c9a4-4307-bba0-5cc69b230a9b.png","Source.Uri":"https://wwwlistingssearchcbreeun.blob.core.windows.net/fileassets/US-SMPL-47716/789df452/c994c87c-c9a4-4307-bba0-5cc69b230a9b.png"},{"Common.Breakpoint":"small","Common.Image.Height":426,"Common.Image.Width":640,"Common.Resource.Uri":"/resources/fileassets/US-SMPL-47716/789df452/c994c87c-c9a4-4307-bba0-5cc69b230a9b_Photo_1_small.jpg","Source.Uri":"https://wwwlistingssearchcbreeun.blob.core.windows.net/fileassets/US-SMPL-47716/789df452/c994c87c-c9a4-4307-bba0-5cc69b230a9b.png"},{"Common.Breakpoint":"medium","Common.Image.Height":852,"Common.Image.Width":1280,"Common.Resource.Uri":"/resources/fileassets/US-SMPL-47716/789df452/c994c87c-c9a4-4307-bba0-5cc69b230a9b_Photo_1_medium.jpg","Source.Uri":"https://wwwlistingssearchcbreeun.blob.core.windows.net/fileassets/US-SMPL-47716/789df452/c994c87c-c9a4-4307-bba0-5cc69b230a9b.png"},{"Common.Breakpoint":"large","Common.Image.Height":1066,"Common.Image.Width":1600,"Common.Resource.Uri":"/resources/fileassets/US-SMPL-47716/789df452/c994c87c-c9a4-4307-bba0-5cc69b230a9b_Photo_1_large.jpg","Source.Uri":"https://wwwlistingssearchcbreeun.blob.core.windows.net/fileassets/US-SMPL-47716/789df452/c994c87c-c9a4-4307-bba0-5cc69b230a9b.png"}]},"Dynamic.MaxArea":null,"Dynamic.FlexCharge":null,"Dynamic.MinDesks":1885,"Dynamic.TotalDesks":null,"Dynamic.GrossLeasableArea":null,"Dynamic.GrossBuildingArea":null,"Dynamic.TotalBuildingSize":null,"Dynamic.MinimumSize":[{"Common.Size":1885,"Common.Units":"sqft"}],"Common.MinimumSize":[{"Common.Size":1885,"Common.Units":"sqft"}]}}},"staticQueryHashes":[]}