{"componentChunkName":"component---src-views-pdp-pdp-tsx","path":"/properties/united-states/co/golden/office-properties-for-lease/US-SMPL-25967","result":{"pageContext":{"listing":{"Common.ActualAddress":{"Common.Line1":"14103 Denver West Parkway","Common.Line2":"14103 Denver West Parkway","Common.Line3":" ","Common.Locallity":"Golden","Common.Region":"CO","Common.PostalAddresses":[{"Common.Language":"en-US","Common.Line1":"14103 Denver West Parkway","Common.Line2":"14103 Denver West Parkway","Common.Line3":" ","Common.Locallity":"Golden","Common.Region":"CO"}],"Common.Country":"US","Common.PostCode":"80401"},"Common.Agents":[{"Common.EmailAddress":"blake.harris@cbre.com","Common.AgentName":"Blake Harris","Common.TelephoneNumber":"303 917 7405","Common.AgentOffice":"Colorado - Denver Downtown"}],"Common.Aspects":["isLetting"],"Common.Availability":{"Common.AvailabilityKind":"AvailableFromKnownDate","Common.MonthsAfterLeaseOrSale":0},"Common.Brochures":[{"Common.Uri":"/resources/fileassets/US-SMPL-25967/5a7ab1eb/900c242e-8d2e-4822-bdba-f8644c1f6cb4.pdf","Common.CultureCode":"en-US","Common.UriExternal":false,"Common.BrochureName":"14103_DenverWest_Brochure.pdf"}],"Common.Charges":[{"Common.ChargeKind":"Rent","Common.CurrencyCode":"USD","Common.Interval":"Annually","Common.Amount":26,"Common.AmountKind":"Value","Common.Year":0,"Common.PerUnit":"sqft","Common.TaxModifer":"None","Common.ChargeModifer":"To","Common.OnApplication":false,"Common.Exact":false}],"Common.ContactGroup":{"Common.Contacts":[{"Common.EmailAddress":"blake.harris@cbre.com","Common.AgentName":"Blake Harris","Common.TelephoneNumber":"303 917 7405","Common.Avatar":"https://cbprodcusde.blob.core.windows.net/avatar/6d0adc59-2b47-4bae-a46d-5a817169bd8c.jpg"}]},"Common.Coordinate":{"lat":39.7431817,"lon":-105.1613001},"Common.Created":"2020-06-11","Common.ExternalParkingSpaces":0,"Common.FloorPlans":[],"Common.FloorsAndUnits":[{"Common.SubdivisionName":[{"Common.CultureCode":"en-US","Common.Text":"1st Floor"}],"Common.Areas":[{"Common.Units":"sqft","Common.Area":16212}],"Common.Unit.Status":"Available","Common.Unit.Use":"Office","Common.ApproxArea":false,"Common.Availability":{"Common.AvailabilityKind":"AvailableFromKnownDate","Common.MonthsAfterLeaseOrSale":0},"Common.Charges":[{"Common.ChargeKind":"Rent","Common.CurrencyCode":"USD","Common.Interval":"Annually","Common.Amount":26,"Common.AmountKind":"Value","Common.Year":0,"Common.PerUnit":"sqft","Common.TaxModifer":"None","Common.OnApplication":false,"Common.Exact":false}],"Common.LeaseTypes":"LeaseHold","Common.UnitBrochures":[],"Common.UnitFloorPlans":[{"Common.ImageCaption":"14103 - 1st Floor - 16,212 SF.jpg","Common.AddWatermark":false,"Common.ImageResources":[{"Common.Image.Height":0,"Common.Resource.Uri":"/resources/fileassets/US-SMPL-25967/f8824aef/7b6d1f5d-f5a9-4b35-aced-9405a193d2a9.jpg","Common.Image.Width":0}]}],"Common.UnitPhotos":[]},{"Common.SubdivisionName":[{"Common.CultureCode":"en-US","Common.Text":"2nd Floor"}],"Common.Areas":[{"Common.Units":"sqft","Common.Area":18112}],"Common.Unit.Status":"Available","Common.Unit.Use":"Office","Common.ApproxArea":false,"Common.Availability":{"Common.AvailabilityKind":"AvailableFromKnownDate","Common.MonthsAfterLeaseOrSale":0},"Common.Charges":[{"Common.ChargeKind":"Rent","Common.CurrencyCode":"USD","Common.Interval":"Annually","Common.Amount":26,"Common.AmountKind":"Value","Common.Year":0,"Common.PerUnit":"sqft","Common.TaxModifer":"None","Common.OnApplication":false,"Common.Exact":false}],"Common.LeaseTypes":"LeaseHold","Common.UnitBrochures":[],"Common.UnitFloorPlans":[{"Common.ImageCaption":"14103 - 2nd Floor - 18,112 SF.jpg","Common.AddWatermark":false,"Common.ImageResources":[{"Common.Image.Height":0,"Common.Resource.Uri":"/resources/fileassets/US-SMPL-25967/c4314a6d/e760c100-1594-4cb2-8c4d-da503b4b7cfd.jpg","Common.Image.Width":0}]}],"Common.UnitPhotos":[]}],"Common.GeoLocation":{"geometry":{"type":"Point","coordinates":[39.7431817,-105.1613001]},"Common.Exact":true},"Common.Highlights":[],"Common.HomeSite":"us-comm","Common.InternalParkingSpaces":0,"Common.IsParent":true,"Common.LastProcessed":"2020-12-18T18:18:35.8562172Z","Common.LastUpdated":"2020-12-18T18:14:25.4732692Z","Common.LeaseRateType":"FullServiceGross","Common.LeaseTypes":["LeaseHold"],"Common.ListingCount":0,"Common.ListingOrder":0,"Common.NumberOfBedrooms":0,"Common.NumberOfLots":0,"Common.Photos":[{"Common.ImageCaption":"14103 Denver West Parkway-large-003-10-Exterior-1500x1000-72dpi.jpg","Common.AddWatermark":false,"Common.ImageResources":[{"Common.Breakpoint":"original","Common.Image.Height":0,"Common.Image.Width":0,"Common.Resource.Uri":"/resources/fileassets/US-SMPL-25967/368ee5fc/1e87d315-999c-443b-919b-22c997d662dd.jpg","Source.Uri":"https://wwwlistingssearchcbreeun.blob.core.windows.net/fileassets/US-SMPL-25967/368ee5fc/1e87d315-999c-443b-919b-22c997d662dd.jpg"},{"Common.Breakpoint":"small","Common.Image.Height":426,"Common.Image.Width":640,"Common.Resource.Uri":"/resources/fileassets/US-SMPL-25967/368ee5fc/1e87d315-999c-443b-919b-22c997d662dd_Photo_1_small.jpg","Source.Uri":"https://wwwlistingssearchcbreeun.blob.core.windows.net/fileassets/US-SMPL-25967/368ee5fc/1e87d315-999c-443b-919b-22c997d662dd.jpg"},{"Common.Breakpoint":"medium","Common.Image.Height":853,"Common.Image.Width":1280,"Common.Resource.Uri":"/resources/fileassets/US-SMPL-25967/368ee5fc/1e87d315-999c-443b-919b-22c997d662dd_Photo_1_medium.jpg","Source.Uri":"https://wwwlistingssearchcbreeun.blob.core.windows.net/fileassets/US-SMPL-25967/368ee5fc/1e87d315-999c-443b-919b-22c997d662dd.jpg"},{"Common.Breakpoint":"large","Common.Image.Height":1066,"Common.Image.Width":1600,"Common.Resource.Uri":"/resources/fileassets/US-SMPL-25967/368ee5fc/1e87d315-999c-443b-919b-22c997d662dd_Photo_1_large.jpg","Source.Uri":"https://wwwlistingssearchcbreeun.blob.core.windows.net/fileassets/US-SMPL-25967/368ee5fc/1e87d315-999c-443b-919b-22c997d662dd.jpg"}]},{"Common.ImageCaption":"14103 Denver West Parkway-large-033-7-Fitness Center-1500x1000-72dpi.jpg","Common.AddWatermark":false,"Common.ImageResources":[{"Common.Breakpoint":"original","Common.Image.Height":0,"Common.Image.Width":0,"Common.Resource.Uri":"/resources/fileassets/US-SMPL-25967/11d4cfda/05b55a2f-b9a1-497a-822a-71c399aea9ff.jpg","Source.Uri":"https://wwwlistingssearchcbreeun.blob.core.windows.net/fileassets/US-SMPL-25967/11d4cfda/05b55a2f-b9a1-497a-822a-71c399aea9ff.jpg"},{"Common.Breakpoint":"small","Common.Image.Height":426,"Common.Image.Width":640,"Common.Resource.Uri":"/resources/fileassets/US-SMPL-25967/11d4cfda/05b55a2f-b9a1-497a-822a-71c399aea9ff_Photo_2_small.jpg","Source.Uri":"https://wwwlistingssearchcbreeun.blob.core.windows.net/fileassets/US-SMPL-25967/11d4cfda/05b55a2f-b9a1-497a-822a-71c399aea9ff.jpg"},{"Common.Breakpoint":"medium","Common.Image.Height":853,"Common.Image.Width":1280,"Common.Resource.Uri":"/resources/fileassets/US-SMPL-25967/11d4cfda/05b55a2f-b9a1-497a-822a-71c399aea9ff_Photo_2_medium.jpg","Source.Uri":"https://wwwlistingssearchcbreeun.blob.core.windows.net/fileassets/US-SMPL-25967/11d4cfda/05b55a2f-b9a1-497a-822a-71c399aea9ff.jpg"},{"Common.Breakpoint":"large","Common.Image.Height":1066,"Common.Image.Width":1600,"Common.Resource.Uri":"/resources/fileassets/US-SMPL-25967/11d4cfda/05b55a2f-b9a1-497a-822a-71c399aea9ff_Photo_2_large.jpg","Source.Uri":"https://wwwlistingssearchcbreeun.blob.core.windows.net/fileassets/US-SMPL-25967/11d4cfda/05b55a2f-b9a1-497a-822a-71c399aea9ff.jpg"}]},{"Common.ImageCaption":"14103 Denver West Parkway-large-034-28-Conference Area-1500x1000-72dpi.jpg","Common.AddWatermark":false,"Common.ImageResources":[{"Common.Breakpoint":"original","Common.Image.Height":0,"Common.Image.Width":0,"Common.Resource.Uri":"/resources/fileassets/US-SMPL-25967/d581c98a/e76ba5f4-91b0-4280-a39b-850f15b922c3.jpg","Source.Uri":"https://wwwlistingssearchcbreeun.blob.core.windows.net/fileassets/US-SMPL-25967/d581c98a/e76ba5f4-91b0-4280-a39b-850f15b922c3.jpg"},{"Common.Breakpoint":"small","Common.Image.Height":426,"Common.Image.Width":640,"Common.Resource.Uri":"/resources/fileassets/US-SMPL-25967/d581c98a/e76ba5f4-91b0-4280-a39b-850f15b922c3_Photo_3_small.jpg","Source.Uri":"https://wwwlistingssearchcbreeun.blob.core.windows.net/fileassets/US-SMPL-25967/d581c98a/e76ba5f4-91b0-4280-a39b-850f15b922c3.jpg"},{"Common.Breakpoint":"medium","Common.Image.Height":853,"Common.Image.Width":1280,"Common.Resource.Uri":"/resources/fileassets/US-SMPL-25967/d581c98a/e76ba5f4-91b0-4280-a39b-850f15b922c3_Photo_3_medium.jpg","Source.Uri":"https://wwwlistingssearchcbreeun.blob.core.windows.net/fileassets/US-SMPL-25967/d581c98a/e76ba5f4-91b0-4280-a39b-850f15b922c3.jpg"},{"Common.Breakpoint":"large","Common.Image.Height":1066,"Common.Image.Width":1600,"Common.Resource.Uri":"/resources/fileassets/US-SMPL-25967/d581c98a/e76ba5f4-91b0-4280-a39b-850f15b922c3_Photo_3_large.jpg","Source.Uri":"https://wwwlistingssearchcbreeun.blob.core.windows.net/fileassets/US-SMPL-25967/d581c98a/e76ba5f4-91b0-4280-a39b-850f15b922c3.jpg"}]},{"Common.ImageCaption":"14103 Denver West Parkway-large-036-32-Stairway-1500x1000-72dpi.jpg","Common.AddWatermark":false,"Common.ImageResources":[{"Common.Breakpoint":"original","Common.Image.Height":0,"Common.Image.Width":0,"Common.Resource.Uri":"/resources/fileassets/US-SMPL-25967/15e3f21f/1886a6e7-0cb7-4b19-a4c4-8ab44141104e.jpg","Source.Uri":"https://wwwlistingssearchcbreeun.blob.core.windows.net/fileassets/US-SMPL-25967/15e3f21f/1886a6e7-0cb7-4b19-a4c4-8ab44141104e.jpg"},{"Common.Breakpoint":"small","Common.Image.Height":426,"Common.Image.Width":640,"Common.Resource.Uri":"/resources/fileassets/US-SMPL-25967/15e3f21f/1886a6e7-0cb7-4b19-a4c4-8ab44141104e_Photo_4_small.jpg","Source.Uri":"https://wwwlistingssearchcbreeun.blob.core.windows.net/fileassets/US-SMPL-25967/15e3f21f/1886a6e7-0cb7-4b19-a4c4-8ab44141104e.jpg"},{"Common.Breakpoint":"medium","Common.Image.Height":853,"Common.Image.Width":1280,"Common.Resource.Uri":"/resources/fileassets/US-SMPL-25967/15e3f21f/1886a6e7-0cb7-4b19-a4c4-8ab44141104e_Photo_4_medium.jpg","Source.Uri":"https://wwwlistingssearchcbreeun.blob.core.windows.net/fileassets/US-SMPL-25967/15e3f21f/1886a6e7-0cb7-4b19-a4c4-8ab44141104e.jpg"},{"Common.Breakpoint":"large","Common.Image.Height":1066,"Common.Image.Width":1600,"Common.Resource.Uri":"/resources/fileassets/US-SMPL-25967/15e3f21f/1886a6e7-0cb7-4b19-a4c4-8ab44141104e_Photo_4_large.jpg","Source.Uri":"https://wwwlistingssearchcbreeun.blob.core.windows.net/fileassets/US-SMPL-25967/15e3f21f/1886a6e7-0cb7-4b19-a4c4-8ab44141104e.jpg"}]},{"Common.ImageCaption":"14103 Denver West Parkway-large-037-31-Outdoor Patio-1500x1000-72dpi.jpg","Common.AddWatermark":false,"Common.ImageResources":[{"Common.Breakpoint":"original","Common.Image.Height":0,"Common.Image.Width":0,"Common.Resource.Uri":"/resources/fileassets/US-SMPL-25967/feb12254/77dd2178-ae36-4095-8f40-f5d118afce13.jpg","Source.Uri":"https://wwwlistingssearchcbreeun.blob.core.windows.net/fileassets/US-SMPL-25967/feb12254/77dd2178-ae36-4095-8f40-f5d118afce13.jpg"},{"Common.Breakpoint":"small","Common.Image.Height":426,"Common.Image.Width":640,"Common.Resource.Uri":"/resources/fileassets/US-SMPL-25967/feb12254/77dd2178-ae36-4095-8f40-f5d118afce13_Photo_5_small.jpg","Source.Uri":"https://wwwlistingssearchcbreeun.blob.core.windows.net/fileassets/US-SMPL-25967/feb12254/77dd2178-ae36-4095-8f40-f5d118afce13.jpg"},{"Common.Breakpoint":"medium","Common.Image.Height":853,"Common.Image.Width":1280,"Common.Resource.Uri":"/resources/fileassets/US-SMPL-25967/feb12254/77dd2178-ae36-4095-8f40-f5d118afce13_Photo_5_medium.jpg","Source.Uri":"https://wwwlistingssearchcbreeun.blob.core.windows.net/fileassets/US-SMPL-25967/feb12254/77dd2178-ae36-4095-8f40-f5d118afce13.jpg"},{"Common.Breakpoint":"large","Common.Image.Height":1066,"Common.Image.Width":1600,"Common.Resource.Uri":"/resources/fileassets/US-SMPL-25967/feb12254/77dd2178-ae36-4095-8f40-f5d118afce13_Photo_5_large.jpg","Source.Uri":"https://wwwlistingssearchcbreeun.blob.core.windows.net/fileassets/US-SMPL-25967/feb12254/77dd2178-ae36-4095-8f40-f5d118afce13.jpg"}]}],"Common.PrimaryKey":"US-SMPL-25967","Common.Sizes":[{"Common.SizeKind":"MinimumSize","Common.Dimensions":[{"Common.DimensionsUnits":"sqft","Common.Amount":16212}]},{"Common.SizeKind":"TotalSize","Common.Dimensions":[{"Common.DimensionsUnits":"sqft","Common.Amount":34324}]}],"Common.SourceLastupdated":"2020-12-18","Common.Status":"Available","Common.TotalSize":[{"Common.Size":34324,"Common.Units":"sqft"}],"Common.UsageType":"Office","Common.YearBuilt":0,"Industrial.LoadingDocks":0,"Industrial.LoadingDoors":0,"UnitedKingdom.VATPayable":false,"Dynamic.NewHome":false,"Dynamic.UnderOffer":false,"Dynamic.LetUnderOffer":false,"Dynamic.Furnished":"unfurnished","Dynamic.HasSwimmingPool":false,"Dynamic.HasGym":false,"Dynamic.HasDoorkeeper":false,"Dynamic.IsPenthouse":false,"Dynamic.HasBalcony":false,"Dynamic.HasParking":false,"Dynamic.HasLift":false,"Dynamic.HasGarden":false,"Dynamic.DevelopmentOpportunity":false,"Dynamic.HasHotDesks":false,"Dynamic.HasFixedDesks":false,"Dynamic.HasServicedOffices":false,"Dynamic.Has24HourAccess":false,"Dynamic.HasBreakoutSpace":false,"Dynamic.HasRoofTerrace":false,"Dynamic.HasWheelchairAccess":false,"Dynamic.HasTeaCoffee":false,"Dynamic.HasFreeMeetingRooms":false,"Dynamic.HasCleaning":false,"Dynamic.HasShowers":false,"Dynamic.HasReception":false,"Dynamic.HasBicycleRack":false,"Dynamic.HasChildrensPlayArea":false,"Dynamic.HasTerrace":false,"Dynamic.HasAccessControl":false,"Dynamic.HasFloorsRaised":false,"Dynamic.HasStorageArchives":false,"Dynamic.HasWheelchairAccessToilets":false,"Dynamic.HasBarCafeteria":false,"Dynamic.HasBusinessLounge":false,"Dynamic.HasCoworkingArea":false,"Dynamic.HasGenerator":false,"Dynamic.HasElevators":false,"Dynamic.HasDayCare":false,"Dynamic.HasSecurity-24hours/7days":false,"Dynamic.HasFoodService-Cafeteria":false,"Dynamic.HasWalkthrough":false,"Dynamic.HasFlooredURL":false,"Dynamic.LettingCharge":1.66,"Dynamic.NetCharge":null,"Dynamic.SalePrice":null,"Dynamic.MinArea":16212,"Dynamic.TotalArea":34324,"Dynamic.PrimaryImage":{"Common.ImageCaption":"14103 Denver West Parkway-large-003-10-Exterior-1500x1000-72dpi.jpg","Common.AddWatermark":false,"Common.ImageResources":[{"Common.Breakpoint":"original","Common.Image.Height":0,"Common.Image.Width":0,"Common.Resource.Uri":"/resources/fileassets/US-SMPL-25967/368ee5fc/1e87d315-999c-443b-919b-22c997d662dd.jpg","Source.Uri":"https://wwwlistingssearchcbreeun.blob.core.windows.net/fileassets/US-SMPL-25967/368ee5fc/1e87d315-999c-443b-919b-22c997d662dd.jpg"},{"Common.Breakpoint":"small","Common.Image.Height":426,"Common.Image.Width":640,"Common.Resource.Uri":"/resources/fileassets/US-SMPL-25967/368ee5fc/1e87d315-999c-443b-919b-22c997d662dd_Photo_1_small.jpg","Source.Uri":"https://wwwlistingssearchcbreeun.blob.core.windows.net/fileassets/US-SMPL-25967/368ee5fc/1e87d315-999c-443b-919b-22c997d662dd.jpg"},{"Common.Breakpoint":"medium","Common.Image.Height":853,"Common.Image.Width":1280,"Common.Resource.Uri":"/resources/fileassets/US-SMPL-25967/368ee5fc/1e87d315-999c-443b-919b-22c997d662dd_Photo_1_medium.jpg","Source.Uri":"https://wwwlistingssearchcbreeun.blob.core.windows.net/fileassets/US-SMPL-25967/368ee5fc/1e87d315-999c-443b-919b-22c997d662dd.jpg"},{"Common.Breakpoint":"large","Common.Image.Height":1066,"Common.Image.Width":1600,"Common.Resource.Uri":"/resources/fileassets/US-SMPL-25967/368ee5fc/1e87d315-999c-443b-919b-22c997d662dd_Photo_1_large.jpg","Source.Uri":"https://wwwlistingssearchcbreeun.blob.core.windows.net/fileassets/US-SMPL-25967/368ee5fc/1e87d315-999c-443b-919b-22c997d662dd.jpg"}]},"Dynamic.MaxArea":null,"Dynamic.FlexCharge":null,"Dynamic.MinDesks":16212,"Dynamic.TotalDesks":34324,"Dynamic.GrossLeasableArea":null,"Dynamic.GrossBuildingArea":null,"Dynamic.TotalBuildingSize":null,"Dynamic.MinimumSize":[{"Common.Size":16212,"Common.Units":"sqft"}],"Common.MinimumSize":[{"Common.Size":16212,"Common.Units":"sqft"}],"Dynamic.TotalSize":[{"Common.Size":34324,"Common.Units":"sqft"}]}}},"staticQueryHashes":[]}