{"componentChunkName":"component---src-views-pdp-pdp-tsx","path":"/properties/united-states/co/golden/healthcare-properties-for-lease/US-SMPL-29022","result":{"pageContext":{"listing":{"Common.ActualAddress":{"Common.Line1":"Red Rocks Medical Center","Common.Line2":"400 Indiana Street","Common.Line3":" ","Common.Locallity":"Golden","Common.Region":"CO","Common.PostalAddresses":[{"Common.Language":"en-US","Common.Line1":"Red Rocks Medical Center","Common.Line2":"400 Indiana Street","Common.Line3":" ","Common.Locallity":"Golden","Common.Region":"CO"}],"Common.Country":"US","Common.PostCode":"80401"},"Common.Agents":[{"Common.EmailAddress":"dann.burke@cbre.com","Common.AgentName":"Dann Burke","Common.TelephoneNumber":"720 528 6362","Common.AgentOffice":"Colorado - Denver Tech Center"},{"Common.EmailAddress":"stephani.gaskins@cbre.com","Common.AgentName":"Stephani Gaskins","Common.TelephoneNumber":"720 528 6346","Common.AgentOffice":"Colorado - Denver Tech Center"},{"Common.EmailAddress":"anna.heiserman@cbre.com","Common.AgentName":"Anna Heiserman","Common.TelephoneNumber":"303 583 2099","Common.AgentOffice":"Colorado - Denver Tech Center"}],"Common.Aspects":["isLetting"],"Common.Availability":{"Common.AvailabilityKind":"AvailableFromKnownDate","Common.MonthsAfterLeaseOrSale":0},"Common.Brochures":[],"Common.Charges":[],"Common.ContactGroup":{"Common.Contacts":[{"Common.EmailAddress":"dann.burke@cbre.com","Common.AgentName":"Dann Burke","Common.TelephoneNumber":"720 528 6362","Common.Avatar":"https://cbprodcusde.blob.core.windows.net/avatar/7a609381-3080-4bf9-9f81-1c1173475ebb.jpg"},{"Common.EmailAddress":"stephani.gaskins@cbre.com","Common.AgentName":"Stephani Gaskins","Common.TelephoneNumber":"720 528 6346","Common.Avatar":"https://cbprodcusde.blob.core.windows.net/avatar/84c6e1a6-6765-4715-a8ba-ff8af95d7933.jpg"},{"Common.EmailAddress":"anna.heiserman@cbre.com","Common.AgentName":"Anna Heiserman","Common.TelephoneNumber":"303 583 2099","Common.Avatar":"https://cbprodcusde.blob.core.windows.net/avatar/d25bf3e9-400a-49b5-b009-2e0a4374844d.jpg"}]},"Common.Coordinate":{"lat":39.72245395,"lon":-105.163724},"Common.Created":"2020-06-15","Common.ExternalParkingSpaces":0,"Common.FloorPlans":[],"Common.FloorsAndUnits":[{"Common.SubdivisionName":[{"Common.CultureCode":"en-US","Common.Text":"Suite 360"}],"Common.Areas":[{"Common.Units":"sqft","Common.Area":4120}],"Common.Unit.Status":"Available","Common.ApproxArea":false,"Common.Availability":{"Common.AvailabilityKind":"AvailableFromKnownDate","Common.MonthsAfterLeaseOrSale":0},"Common.Charges":[],"Common.LeaseTypes":"LeaseHold","Common.UnitBrochures":[{"Common.Uri":"https://wwwlistingssearchcbreeun.blob.core.windows.net/fileassets/US-SMPL-29022/f4fd421b/a3e7648e-338d-4c2b-b016-517c8abc123a.pdf","Common.CultureCode":"en-US","Common.UriExternal":false,"Common.BrochureName":"Red Rocks Medical Center Brochure.pdf"}],"Common.UnitFloorPlans":[{"Common.ImageCaption":"400 Indiana-Suite 360_4120sf","Common.AddWatermark":false,"Common.ImageResources":[{"Common.Image.Height":0,"Common.Resource.Uri":"/resources/fileassets/US-SMPL-29022/5be4dc27/2a036135-4a4c-4d54-9cb8-aa22afd71b4b.jpg","Common.Image.Width":0}]}],"Common.UnitPhotos":[]},{"Common.SubdivisionName":[{"Common.CultureCode":"en-US","Common.Text":"Suite 250"}],"Common.Areas":[{"Common.Units":"sqft","Common.Area":3554}],"Common.Unit.Status":"Available","Common.ApproxArea":false,"Common.Availability":{"Common.AvailabilityKind":"AvailableFromKnownDate","Common.MonthsAfterLeaseOrSale":0},"Common.Charges":[],"Common.LeaseTypes":"LeaseHold","Common.UnitBrochures":[],"Common.UnitFloorPlans":[{"Common.ImageCaption":"400 Indiana-Suite 250_3554sf.pdf","Common.AddWatermark":false,"Common.ImageResources":[{"Common.Image.Height":0,"Common.Resource.Uri":"/resources/fileassets/US-SMPL-29022/acb45c12/ee40ae6d-4f7d-4269-8f2e-eb8ac23bc438.pdf","Common.Image.Width":0}]}],"Common.UnitPhotos":[]},{"Common.SubdivisionName":[{"Common.CultureCode":"en-US","Common.Text":"Suite 270"}],"Common.Areas":[{"Common.Units":"sqft","Common.Area":3064}],"Common.Unit.Status":"Available","Common.ApproxArea":false,"Common.Availability":{"Common.AvailabilityKind":"AvailableFromKnownDate","Common.MonthsAfterLeaseOrSale":0},"Common.Charges":[],"Common.LeaseTypes":"LeaseHold","Common.UnitBrochures":[],"Common.UnitFloorPlans":[{"Common.ImageCaption":"400 Indiana-Suite 270_3064sf","Common.AddWatermark":false,"Common.ImageResources":[{"Common.Image.Height":0,"Common.Resource.Uri":"/resources/fileassets/US-SMPL-29022/d8aaddd0/8dccaed2-ba46-44e7-bae3-d05f2be8f23e.jpg","Common.Image.Width":0}]}],"Common.UnitPhotos":[]}],"Common.GeoLocation":{"geometry":{"type":"Point","coordinates":[39.72245395,-105.163724]},"Common.Exact":true},"Common.Highlights":[],"Common.HomeSite":"us-comm","Common.InternalParkingSpaces":0,"Common.IsParent":true,"Common.LastProcessed":"2021-08-27T19:02:29.9290878Z","Common.LastUpdated":"2021-08-27T18:59:50.1168144Z","Common.LeaseRateType":"","Common.LeaseTypes":["LeaseHold"],"Common.ListingCount":0,"Common.ListingOrder":0,"Common.NumberOfBedrooms":0,"Common.NumberOfLots":0,"Common.Parking":{"Common.Ratio":0,"Common.RatioPer":0,"Common.ParkingDetails":[]},"Common.Photos":[{"Common.ImageCaption":"071454_00_N14_multipurpose[1]","Common.AddWatermark":false,"Common.ImageResources":[{"Common.Breakpoint":"original","Common.Image.Height":0,"Common.Image.Width":0,"Common.Resource.Uri":"/resources/fileassets/US-SMPL-29022/6422f0d9/63715590-f1d2-4fe0-8991-e1659ec32775.jpg","Source.Uri":"https://wwwlistingssearchcbreeun.blob.core.windows.net/fileassets/US-SMPL-29022/6422f0d9/63715590-f1d2-4fe0-8991-e1659ec32775.jpg"},{"Common.Breakpoint":"small","Common.Image.Height":426,"Common.Image.Width":640,"Common.Resource.Uri":"/resources/fileassets/US-SMPL-29022/6422f0d9/63715590-f1d2-4fe0-8991-e1659ec32775_Photo_1_small.jpg","Source.Uri":"https://wwwlistingssearchcbreeun.blob.core.windows.net/fileassets/US-SMPL-29022/6422f0d9/63715590-f1d2-4fe0-8991-e1659ec32775.jpg"},{"Common.Breakpoint":"medium","Common.Image.Height":853,"Common.Image.Width":1280,"Common.Resource.Uri":"/resources/fileassets/US-SMPL-29022/6422f0d9/63715590-f1d2-4fe0-8991-e1659ec32775_Photo_1_medium.jpg","Source.Uri":"https://wwwlistingssearchcbreeun.blob.core.windows.net/fileassets/US-SMPL-29022/6422f0d9/63715590-f1d2-4fe0-8991-e1659ec32775.jpg"},{"Common.Breakpoint":"large","Common.Image.Height":1067,"Common.Image.Width":1600,"Common.Resource.Uri":"/resources/fileassets/US-SMPL-29022/6422f0d9/63715590-f1d2-4fe0-8991-e1659ec32775_Photo_1_large.jpg","Source.Uri":"https://wwwlistingssearchcbreeun.blob.core.windows.net/fileassets/US-SMPL-29022/6422f0d9/63715590-f1d2-4fe0-8991-e1659ec32775.jpg"}]}],"Common.PrimaryKey":"US-SMPL-29022","Common.Sizes":[],"Common.SourceLastupdated":"2021-08-27","Common.SourceSystem":{"Common.Name":"EDP ID","Common.Id":"null"},"Common.Status":"Available","Common.TotalSize":[{"Common.Units":"sqft","Common.Area":0}],"Common.UsageType":"Healthcare","Common.YearBuilt":0,"Industrial.LoadingDocks":0,"Industrial.LoadingDoors":0,"UnitedKingdom.VATPayable":false,"Dynamic.NewHome":false,"Dynamic.UnderOffer":false,"Dynamic.LetUnderOffer":false,"Dynamic.Furnished":"unfurnished","Dynamic.HasSwimmingPool":false,"Dynamic.HasGym":false,"Dynamic.HasDoorkeeper":false,"Dynamic.IsPenthouse":false,"Dynamic.HasBalcony":false,"Dynamic.HasParking":false,"Dynamic.HasLift":false,"Dynamic.HasGarden":false,"Dynamic.DevelopmentOpportunity":false,"Dynamic.HasHotDesks":false,"Dynamic.HasFixedDesks":false,"Dynamic.HasServicedOffices":false,"Dynamic.Has24HourAccess":false,"Dynamic.HasBreakoutSpace":false,"Dynamic.HasRoofTerrace":false,"Dynamic.HasWheelchairAccess":false,"Dynamic.HasTeaCoffee":false,"Dynamic.HasFreeMeetingRooms":false,"Dynamic.HasCleaning":false,"Dynamic.HasShowers":false,"Dynamic.HasReception":false,"Dynamic.HasBicycleRack":false,"Dynamic.HasChildrensPlayArea":false,"Dynamic.HasTerrace":false,"Dynamic.HasAccessControl":false,"Dynamic.HasFloorsRaised":false,"Dynamic.HasStorageArchives":false,"Dynamic.HasWheelchairAccessToilets":false,"Dynamic.HasBarCafeteria":false,"Dynamic.HasBusinessLounge":false,"Dynamic.HasCoworkingArea":false,"Dynamic.HasGenerator":false,"Dynamic.HasElevators":false,"Dynamic.HasDayCare":false,"Dynamic.HasSecurity-24hours/7days":false,"Dynamic.HasFoodService-Cafeteria":false,"Dynamic.HasWalkthrough":false,"Dynamic.HasFlooredURL":false,"Dynamic.LettingCharge":null,"Dynamic.NetCharge":null,"Dynamic.SalePrice":null,"Dynamic.MinArea":null,"Dynamic.TotalArea":null,"Dynamic.PrimaryImage":{"Common.ImageCaption":"071454_00_N14_multipurpose[1]","Common.AddWatermark":false,"Common.ImageResources":[{"Common.Breakpoint":"original","Common.Image.Height":0,"Common.Image.Width":0,"Common.Resource.Uri":"/resources/fileassets/US-SMPL-29022/6422f0d9/63715590-f1d2-4fe0-8991-e1659ec32775.jpg","Source.Uri":"https://wwwlistingssearchcbreeun.blob.core.windows.net/fileassets/US-SMPL-29022/6422f0d9/63715590-f1d2-4fe0-8991-e1659ec32775.jpg"},{"Common.Breakpoint":"small","Common.Image.Height":426,"Common.Image.Width":640,"Common.Resource.Uri":"/resources/fileassets/US-SMPL-29022/6422f0d9/63715590-f1d2-4fe0-8991-e1659ec32775_Photo_1_small.jpg","Source.Uri":"https://wwwlistingssearchcbreeun.blob.core.windows.net/fileassets/US-SMPL-29022/6422f0d9/63715590-f1d2-4fe0-8991-e1659ec32775.jpg"},{"Common.Breakpoint":"medium","Common.Image.Height":853,"Common.Image.Width":1280,"Common.Resource.Uri":"/resources/fileassets/US-SMPL-29022/6422f0d9/63715590-f1d2-4fe0-8991-e1659ec32775_Photo_1_medium.jpg","Source.Uri":"https://wwwlistingssearchcbreeun.blob.core.windows.net/fileassets/US-SMPL-29022/6422f0d9/63715590-f1d2-4fe0-8991-e1659ec32775.jpg"},{"Common.Breakpoint":"large","Common.Image.Height":1067,"Common.Image.Width":1600,"Common.Resource.Uri":"/resources/fileassets/US-SMPL-29022/6422f0d9/63715590-f1d2-4fe0-8991-e1659ec32775_Photo_1_large.jpg","Source.Uri":"https://wwwlistingssearchcbreeun.blob.core.windows.net/fileassets/US-SMPL-29022/6422f0d9/63715590-f1d2-4fe0-8991-e1659ec32775.jpg"}]},"Dynamic.MaxArea":null,"Dynamic.FlexCharge":null,"Dynamic.MinDesks":"0","Dynamic.TotalDesks":null,"Dynamic.GrossLeasableArea":null,"Dynamic.GrossBuildingArea":null,"Dynamic.TotalBuildingSize":null}}},"staticQueryHashes":[]}