{"componentChunkName":"component---src-views-pdp-pdp-tsx","path":"/properties/united-states/co/golden/office-properties-for-lease/US-SMPL-25948","result":{"pageContext":{"listing":{"Common.ActualAddress":{"Common.Line1":"Clear Creek Square","Common.Line2":"600 12th Street","Common.Line3":" ","Common.Locallity":"Golden","Common.Region":"CO","Common.PostalAddresses":[{"Common.Language":"en-US","Common.Line1":"Clear Creek Square","Common.Line2":"600 12th Street","Common.Line3":" ","Common.Locallity":"Golden","Common.Region":"CO"}],"Common.Country":"US","Common.PostCode":"80401"},"Common.Agents":[{"Common.EmailAddress":"blake.harris@cbre.com","Common.AgentName":"Blake Harris","Common.TelephoneNumber":"303 917 7405","Common.AgentOffice":"Colorado - Denver Downtown"}],"Common.Aspects":["isLetting"],"Common.Availability":{"Common.AvailabilityKind":"AvailableFromKnownDate","Common.MonthsAfterLeaseOrSale":0},"Common.Brochures":[{"Common.Uri":"/resources/fileassets/US-SMPL-25948/1a2449b5/752b9364-0841-4cbb-ad3f-917ff6e0f09a.pdf","Common.CultureCode":"en-US","Common.UriExternal":false,"Common.BrochureName":"Clear Creek Square_Brochure.pdf"}],"Common.Charges":[{"Common.ChargeKind":"Rent","Common.CurrencyCode":"USD","Common.Interval":"Annually","Common.Amount":15,"Common.AmountKind":"Value","Common.Year":0,"Common.PerUnit":"sqft","Common.TaxModifer":"None","Common.ChargeModifer":"To","Common.OnApplication":false,"Common.Exact":false}],"Common.ContactGroup":{"Common.Contacts":[{"Common.EmailAddress":"blake.harris@cbre.com","Common.AgentName":"Blake Harris","Common.TelephoneNumber":"303 917 7405","Common.Avatar":"https://cbprodcusde.blob.core.windows.net/avatar/6d0adc59-2b47-4bae-a46d-5a817169bd8c.jpg"}]},"Common.Coordinate":{"lat":39.75650965,"lon":-105.21995145},"Common.Created":"2020-06-11","Common.ExternalParkingSpaces":0,"Common.FloorPlans":[],"Common.FloorsAndUnits":[],"Common.GeoLocation":{"geometry":{"type":"Point","coordinates":[39.75650965,-105.21995145]},"Common.Exact":true},"Common.Highlights":[],"Common.HomeSite":"us-comm","Common.InternalParkingSpaces":0,"Common.IsParent":true,"Common.LastProcessed":"2021-03-31T18:50:34.9176014Z","Common.LastUpdated":"2021-03-31T18:47:07.2728346Z","Common.LeaseRateType":"TripleNet","Common.LeaseTypes":["LeaseHold"],"Common.ListingCount":0,"Common.ListingOrder":0,"Common.LongDescription":[{"Common.CultureCode":"en-US","Common.Text":"The property is located directly across from the Coors Brewery.  It is just two (2) minutes to 6th Avenue Freeway, Hwy 93 or Hwy 58, 20 minutes to Downtown Denver, 25 minutes to Boulder, and 15 minutes to Evergreen exit.  Denver International Airport shuttle service is available 24 hours daily. Abundant free covered parking available. In Downtown Golden with numerous retail amenities in building and within easy walking distance. Showers and lockers in building. Great views and easy access."}],"Common.NumberOfBedrooms":0,"Common.NumberOfLots":0,"Common.Photos":[{"Common.ImageCaption":"BUILDING FRONT.JPG","Common.AddWatermark":false,"Common.ImageResources":[{"Common.Breakpoint":"original","Common.Image.Height":0,"Common.Image.Width":0,"Common.Resource.Uri":"/resources/fileassets/US-SMPL-25948/28346da7/f742cc73-aa7a-4b4a-83ac-5688abe6a215.JPG","Source.Uri":"https://wwwlistingssearchcbreeun.blob.core.windows.net/fileassets/US-SMPL-25948/28346da7/f742cc73-aa7a-4b4a-83ac-5688abe6a215.JPG"},{"Common.Breakpoint":"small","Common.Image.Height":480,"Common.Image.Width":640,"Common.Resource.Uri":"/resources/fileassets/US-SMPL-25948/28346da7/f742cc73-aa7a-4b4a-83ac-5688abe6a215_Photo_1_small.jpg","Source.Uri":"https://wwwlistingssearchcbreeun.blob.core.windows.net/fileassets/US-SMPL-25948/28346da7/f742cc73-aa7a-4b4a-83ac-5688abe6a215.JPG"},{"Common.Breakpoint":"medium","Common.Image.Height":960,"Common.Image.Width":1280,"Common.Resource.Uri":"/resources/fileassets/US-SMPL-25948/28346da7/f742cc73-aa7a-4b4a-83ac-5688abe6a215_Photo_1_medium.jpg","Source.Uri":"https://wwwlistingssearchcbreeun.blob.core.windows.net/fileassets/US-SMPL-25948/28346da7/f742cc73-aa7a-4b4a-83ac-5688abe6a215.JPG"},{"Common.Breakpoint":"large","Common.Image.Height":1200,"Common.Image.Width":1600,"Common.Resource.Uri":"/resources/fileassets/US-SMPL-25948/28346da7/f742cc73-aa7a-4b4a-83ac-5688abe6a215_Photo_1_large.jpg","Source.Uri":"https://wwwlistingssearchcbreeun.blob.core.windows.net/fileassets/US-SMPL-25948/28346da7/f742cc73-aa7a-4b4a-83ac-5688abe6a215.JPG"}]}],"Common.PrimaryKey":"US-SMPL-25948","Common.Sizes":[{"Common.SizeKind":"MinimumSize","Common.Dimensions":[{"Common.DimensionsUnits":"sqft","Common.Amount":2918}]},{"Common.SizeKind":"TotalSize","Common.Dimensions":[{"Common.DimensionsUnits":"sqft","Common.Amount":2918}]}],"Common.SourceLastupdated":"2021-03-31","Common.Status":"Available","Common.TotalSize":[{"Common.Size":2918,"Common.Units":"sqft"}],"Common.UsageType":"Office","Common.YearBuilt":0,"Industrial.LoadingDocks":0,"Industrial.LoadingDoors":0,"UnitedKingdom.VATPayable":false,"Dynamic.NewHome":false,"Dynamic.UnderOffer":false,"Dynamic.LetUnderOffer":false,"Dynamic.Furnished":"unfurnished","Dynamic.HasSwimmingPool":false,"Dynamic.HasGym":false,"Dynamic.HasDoorkeeper":false,"Dynamic.IsPenthouse":false,"Dynamic.HasBalcony":false,"Dynamic.HasParking":false,"Dynamic.HasLift":false,"Dynamic.HasGarden":false,"Dynamic.DevelopmentOpportunity":false,"Dynamic.HasHotDesks":false,"Dynamic.HasFixedDesks":false,"Dynamic.HasServicedOffices":false,"Dynamic.Has24HourAccess":false,"Dynamic.HasBreakoutSpace":false,"Dynamic.HasRoofTerrace":false,"Dynamic.HasWheelchairAccess":false,"Dynamic.HasTeaCoffee":false,"Dynamic.HasFreeMeetingRooms":false,"Dynamic.HasCleaning":false,"Dynamic.HasShowers":false,"Dynamic.HasReception":false,"Dynamic.HasBicycleRack":false,"Dynamic.HasChildrensPlayArea":false,"Dynamic.HasTerrace":false,"Dynamic.HasAccessControl":false,"Dynamic.HasFloorsRaised":false,"Dynamic.HasStorageArchives":false,"Dynamic.HasWheelchairAccessToilets":false,"Dynamic.HasBarCafeteria":false,"Dynamic.HasBusinessLounge":false,"Dynamic.HasCoworkingArea":false,"Dynamic.HasGenerator":false,"Dynamic.HasElevators":false,"Dynamic.HasDayCare":false,"Dynamic.HasSecurity-24hours/7days":false,"Dynamic.HasFoodService-Cafeteria":false,"Dynamic.HasWalkthrough":false,"Dynamic.HasFlooredURL":false,"Dynamic.LettingCharge":0.96,"Dynamic.NetCharge":null,"Dynamic.SalePrice":null,"Dynamic.MinArea":2918,"Dynamic.TotalArea":2918,"Dynamic.PrimaryImage":{"Common.ImageCaption":"BUILDING FRONT.JPG","Common.AddWatermark":false,"Common.ImageResources":[{"Common.Breakpoint":"original","Common.Image.Height":0,"Common.Image.Width":0,"Common.Resource.Uri":"/resources/fileassets/US-SMPL-25948/28346da7/f742cc73-aa7a-4b4a-83ac-5688abe6a215.JPG","Source.Uri":"https://wwwlistingssearchcbreeun.blob.core.windows.net/fileassets/US-SMPL-25948/28346da7/f742cc73-aa7a-4b4a-83ac-5688abe6a215.JPG"},{"Common.Breakpoint":"small","Common.Image.Height":480,"Common.Image.Width":640,"Common.Resource.Uri":"/resources/fileassets/US-SMPL-25948/28346da7/f742cc73-aa7a-4b4a-83ac-5688abe6a215_Photo_1_small.jpg","Source.Uri":"https://wwwlistingssearchcbreeun.blob.core.windows.net/fileassets/US-SMPL-25948/28346da7/f742cc73-aa7a-4b4a-83ac-5688abe6a215.JPG"},{"Common.Breakpoint":"medium","Common.Image.Height":960,"Common.Image.Width":1280,"Common.Resource.Uri":"/resources/fileassets/US-SMPL-25948/28346da7/f742cc73-aa7a-4b4a-83ac-5688abe6a215_Photo_1_medium.jpg","Source.Uri":"https://wwwlistingssearchcbreeun.blob.core.windows.net/fileassets/US-SMPL-25948/28346da7/f742cc73-aa7a-4b4a-83ac-5688abe6a215.JPG"},{"Common.Breakpoint":"large","Common.Image.Height":1200,"Common.Image.Width":1600,"Common.Resource.Uri":"/resources/fileassets/US-SMPL-25948/28346da7/f742cc73-aa7a-4b4a-83ac-5688abe6a215_Photo_1_large.jpg","Source.Uri":"https://wwwlistingssearchcbreeun.blob.core.windows.net/fileassets/US-SMPL-25948/28346da7/f742cc73-aa7a-4b4a-83ac-5688abe6a215.JPG"}]},"Dynamic.MaxArea":null,"Dynamic.FlexCharge":null,"Dynamic.MinDesks":2918,"Dynamic.TotalDesks":2918,"Dynamic.GrossLeasableArea":null,"Dynamic.GrossBuildingArea":null,"Dynamic.TotalBuildingSize":null,"Dynamic.MinimumSize":[{"Common.Size":2918,"Common.Units":"sqft"}],"Common.MinimumSize":[{"Common.Size":2918,"Common.Units":"sqft"}],"Dynamic.TotalSize":[{"Common.Size":2918,"Common.Units":"sqft"}]}}},"staticQueryHashes":[]}