{"componentChunkName":"component---src-views-pdp-pdp-tsx","path":"/properties/united-states/co/golden/office-properties-for-lease/US-SMPL-25968","result":{"pageContext":{"listing":{"Common.ActualAddress":{"Common.Line1":"14123 Denver West Parkway","Common.Line2":"14123 Denver West Parkway","Common.Line3":" ","Common.Locallity":"Golden","Common.Region":"CO","Common.PostalAddresses":[{"Common.Language":"en-US","Common.Line1":"14123 Denver West Parkway","Common.Line2":"14123 Denver West Parkway","Common.Line3":" ","Common.Locallity":"Golden","Common.Region":"CO"}],"Common.Country":"US","Common.PostCode":"80401"},"Common.Agents":[{"Common.EmailAddress":"blake.harris@cbre.com","Common.AgentName":"Blake Harris","Common.TelephoneNumber":"303 917 7405","Common.AgentOffice":"Colorado - Denver Downtown"}],"Common.Aspects":["isLetting"],"Common.Availability":{"Common.AvailabilityKind":"AvailableFromKnownDate","Common.MonthsAfterLeaseOrSale":0},"Common.Brochures":[{"Common.Uri":"/resources/fileassets/US-SMPL-25968/7f26353d/dfa106c9-49f2-42ae-bd25-e0f36e2306b8.pdf","Common.CultureCode":"en-US","Common.UriExternal":false,"Common.BrochureName":"14123_DenverWest_Brochure.pdf"}],"Common.Charges":[{"Common.ChargeKind":"Rent","Common.CurrencyCode":"USD","Common.Interval":"Annually","Common.Amount":26,"Common.AmountKind":"Value","Common.Year":0,"Common.PerUnit":"sqft","Common.TaxModifer":"None","Common.ChargeModifer":"To","Common.OnApplication":false,"Common.Exact":false}],"Common.ContactGroup":{"Common.Contacts":[{"Common.EmailAddress":"blake.harris@cbre.com","Common.AgentName":"Blake Harris","Common.TelephoneNumber":"303 917 7405","Common.Avatar":"https://cbprodcusde.blob.core.windows.net/avatar/6d0adc59-2b47-4bae-a46d-5a817169bd8c.jpg"}]},"Common.Coordinate":{"lat":39.7428069,"lon":-105.1599867},"Common.Created":"2020-06-11","Common.ExternalParkingSpaces":0,"Common.FloorPlans":[],"Common.FloorsAndUnits":[{"Common.SubdivisionName":[{"Common.CultureCode":"en-US","Common.Text":"Suite 104"}],"Common.Areas":[{"Common.Units":"sqft","Common.Area":2260}],"Common.Unit.Status":"Available","Common.Unit.Use":"Office","Common.ApproxArea":false,"Common.Availability":{"Common.AvailabilityKind":"AvailableFromKnownDate","Common.MonthsAfterLeaseOrSale":0},"Common.Charges":[{"Common.ChargeKind":"Rent","Common.CurrencyCode":"USD","Common.Interval":"Annually","Common.Amount":26,"Common.AmountKind":"Value","Common.Year":0,"Common.PerUnit":"sqft","Common.TaxModifer":"None","Common.OnApplication":false,"Common.Exact":false}],"Common.LeaseTypes":"LeaseHold","Common.UnitBrochures":[],"Common.UnitFloorPlans":[{"Common.ImageCaption":"14123 - 1st Floor","Common.AddWatermark":false,"Common.ImageResources":[{"Common.Image.Height":0,"Common.Resource.Uri":"/resources/fileassets/US-SMPL-25968/8cac45d2/8e804c77-c781-4d56-9c9f-b66e38d8476c.jpg","Common.Image.Width":0}]}],"Common.UnitPhotos":[]},{"Common.SubdivisionName":[{"Common.CultureCode":"en-US","Common.Text":"Suite 120"}],"Common.Areas":[{"Common.Units":"sqft","Common.Area":3255}],"Common.Unit.Status":"Available","Common.Unit.Use":"Office","Common.ApproxArea":false,"Common.Availability":{"Common.AvailabilityKind":"AvailableFromKnownDate","Common.MonthsAfterLeaseOrSale":0},"Common.Charges":[{"Common.ChargeKind":"Rent","Common.CurrencyCode":"USD","Common.Interval":"Annually","Common.Amount":26,"Common.AmountKind":"Value","Common.Year":0,"Common.PerUnit":"sqft","Common.TaxModifer":"None","Common.OnApplication":false,"Common.Exact":false}],"Common.LeaseTypes":"LeaseHold","Common.UnitBrochures":[],"Common.UnitFloorPlans":[{"Common.ImageCaption":"14123 - Suite 120 - 3,255 SF","Common.AddWatermark":false,"Common.ImageResources":[{"Common.Image.Height":0,"Common.Resource.Uri":"/resources/fileassets/US-SMPL-25968/bb0de83b/6998d54e-89b8-411d-a1b9-d27250872d9d.jpg","Common.Image.Width":0}]}],"Common.UnitPhotos":[]},{"Common.SubdivisionName":[{"Common.CultureCode":"en-US","Common.Text":"Suite 200"}],"Common.Areas":[{"Common.Units":"sqft","Common.Area":24427}],"Common.Unit.Status":"Available","Common.Unit.Use":"Office","Common.ApproxArea":false,"Common.Availability":{"Common.AvailabilityKind":"AvailableFromKnownDate","Common.MonthsAfterLeaseOrSale":0},"Common.Charges":[{"Common.ChargeKind":"Rent","Common.CurrencyCode":"USD","Common.Interval":"Annually","Common.Amount":26,"Common.AmountKind":"Value","Common.Year":0,"Common.PerUnit":"sqft","Common.TaxModifer":"None","Common.OnApplication":false,"Common.Exact":false}],"Common.LeaseTypes":"LeaseHold","Common.UnitBrochures":[],"Common.UnitFloorPlans":[{"Common.ImageCaption":"14123 - 2nd Floor - 24,427 SF","Common.AddWatermark":false,"Common.ImageResources":[{"Common.Image.Height":0,"Common.Resource.Uri":"/resources/fileassets/US-SMPL-25968/37792bee/899d6a02-f426-4baa-a622-d6161b0099e7.jpg","Common.Image.Width":0}]}],"Common.UnitPhotos":[]}],"Common.GeoLocation":{"geometry":{"type":"Point","coordinates":[39.7428069,-105.1599867]},"Common.Exact":true},"Common.Highlights":[],"Common.HomeSite":"us-comm","Common.InternalParkingSpaces":0,"Common.IsParent":true,"Common.LastProcessed":"2021-07-21T21:38:48.4044921Z","Common.LastUpdated":"2021-07-21T21:34:59.4599482Z","Common.LeaseRateType":"FullServiceGross","Common.LeaseTypes":["LeaseHold"],"Common.ListingCount":0,"Common.ListingOrder":0,"Common.NumberOfBedrooms":0,"Common.NumberOfLots":0,"Common.Photos":[{"Common.ImageCaption":"14103 Denver West Parkway-print-006-1-Exterior-3600x2399-300dpi","Common.AddWatermark":false,"Common.ImageResources":[{"Common.Breakpoint":"original","Common.Image.Height":0,"Common.Image.Width":0,"Common.Resource.Uri":"/resources/fileassets/US-SMPL-25968/1d28a529/b53055d3-919e-402b-b6ec-9cc3316dcfbd.jpg","Source.Uri":"https://wwwlistingssearchcbreeun.blob.core.windows.net/fileassets/US-SMPL-25968/1d28a529/b53055d3-919e-402b-b6ec-9cc3316dcfbd.jpg"},{"Common.Breakpoint":"small","Common.Image.Height":426,"Common.Image.Width":640,"Common.Resource.Uri":"/resources/fileassets/US-SMPL-25968/1d28a529/b53055d3-919e-402b-b6ec-9cc3316dcfbd_Photo_1_small.jpg","Source.Uri":"https://wwwlistingssearchcbreeun.blob.core.windows.net/fileassets/US-SMPL-25968/1d28a529/b53055d3-919e-402b-b6ec-9cc3316dcfbd.jpg"},{"Common.Breakpoint":"medium","Common.Image.Height":852,"Common.Image.Width":1280,"Common.Resource.Uri":"/resources/fileassets/US-SMPL-25968/1d28a529/b53055d3-919e-402b-b6ec-9cc3316dcfbd_Photo_1_medium.jpg","Source.Uri":"https://wwwlistingssearchcbreeun.blob.core.windows.net/fileassets/US-SMPL-25968/1d28a529/b53055d3-919e-402b-b6ec-9cc3316dcfbd.jpg"},{"Common.Breakpoint":"large","Common.Image.Height":1066,"Common.Image.Width":1600,"Common.Resource.Uri":"/resources/fileassets/US-SMPL-25968/1d28a529/b53055d3-919e-402b-b6ec-9cc3316dcfbd_Photo_1_large.jpg","Source.Uri":"https://wwwlistingssearchcbreeun.blob.core.windows.net/fileassets/US-SMPL-25968/1d28a529/b53055d3-919e-402b-b6ec-9cc3316dcfbd.jpg"}]},{"Common.ImageCaption":"14103 Denver West Parkway-print-026-16-Office-3600x2400-300dpi","Common.AddWatermark":false,"Common.ImageResources":[{"Common.Breakpoint":"original","Common.Image.Height":0,"Common.Image.Width":0,"Common.Resource.Uri":"/resources/fileassets/US-SMPL-25968/f0665a0c/ca91b1ad-5280-4cd0-aa11-b6bf2fb3af15.jpg","Source.Uri":"https://wwwlistingssearchcbreeun.blob.core.windows.net/fileassets/US-SMPL-25968/f0665a0c/ca91b1ad-5280-4cd0-aa11-b6bf2fb3af15.jpg"},{"Common.Breakpoint":"small","Common.Image.Height":426,"Common.Image.Width":640,"Common.Resource.Uri":"/resources/fileassets/US-SMPL-25968/f0665a0c/ca91b1ad-5280-4cd0-aa11-b6bf2fb3af15_Photo_2_small.jpg","Source.Uri":"https://wwwlistingssearchcbreeun.blob.core.windows.net/fileassets/US-SMPL-25968/f0665a0c/ca91b1ad-5280-4cd0-aa11-b6bf2fb3af15.jpg"},{"Common.Breakpoint":"medium","Common.Image.Height":853,"Common.Image.Width":1280,"Common.Resource.Uri":"/resources/fileassets/US-SMPL-25968/f0665a0c/ca91b1ad-5280-4cd0-aa11-b6bf2fb3af15_Photo_2_medium.jpg","Source.Uri":"https://wwwlistingssearchcbreeun.blob.core.windows.net/fileassets/US-SMPL-25968/f0665a0c/ca91b1ad-5280-4cd0-aa11-b6bf2fb3af15.jpg"},{"Common.Breakpoint":"large","Common.Image.Height":1067,"Common.Image.Width":1600,"Common.Resource.Uri":"/resources/fileassets/US-SMPL-25968/f0665a0c/ca91b1ad-5280-4cd0-aa11-b6bf2fb3af15_Photo_2_large.jpg","Source.Uri":"https://wwwlistingssearchcbreeun.blob.core.windows.net/fileassets/US-SMPL-25968/f0665a0c/ca91b1ad-5280-4cd0-aa11-b6bf2fb3af15.jpg"}]},{"Common.ImageCaption":"14103 Denver West Parkway-print-036-32-Stairway-3600x2400-300dpi","Common.AddWatermark":false,"Common.ImageResources":[{"Common.Breakpoint":"original","Common.Image.Height":0,"Common.Image.Width":0,"Common.Resource.Uri":"/resources/fileassets/US-SMPL-25968/ecc21590/b8eedc80-1347-48c6-bc92-712f92c073c7.jpg","Source.Uri":"https://wwwlistingssearchcbreeun.blob.core.windows.net/fileassets/US-SMPL-25968/ecc21590/b8eedc80-1347-48c6-bc92-712f92c073c7.jpg"},{"Common.Breakpoint":"small","Common.Image.Height":426,"Common.Image.Width":640,"Common.Resource.Uri":"/resources/fileassets/US-SMPL-25968/ecc21590/b8eedc80-1347-48c6-bc92-712f92c073c7_Photo_3_small.jpg","Source.Uri":"https://wwwlistingssearchcbreeun.blob.core.windows.net/fileassets/US-SMPL-25968/ecc21590/b8eedc80-1347-48c6-bc92-712f92c073c7.jpg"},{"Common.Breakpoint":"medium","Common.Image.Height":853,"Common.Image.Width":1280,"Common.Resource.Uri":"/resources/fileassets/US-SMPL-25968/ecc21590/b8eedc80-1347-48c6-bc92-712f92c073c7_Photo_3_medium.jpg","Source.Uri":"https://wwwlistingssearchcbreeun.blob.core.windows.net/fileassets/US-SMPL-25968/ecc21590/b8eedc80-1347-48c6-bc92-712f92c073c7.jpg"},{"Common.Breakpoint":"large","Common.Image.Height":1067,"Common.Image.Width":1600,"Common.Resource.Uri":"/resources/fileassets/US-SMPL-25968/ecc21590/b8eedc80-1347-48c6-bc92-712f92c073c7_Photo_3_large.jpg","Source.Uri":"https://wwwlistingssearchcbreeun.blob.core.windows.net/fileassets/US-SMPL-25968/ecc21590/b8eedc80-1347-48c6-bc92-712f92c073c7.jpg"}]},{"Common.ImageCaption":"14103 Denver West Parkway-print-037-31-Outdoor Patio-3600x2400-300dpi","Common.AddWatermark":false,"Common.ImageResources":[{"Common.Breakpoint":"original","Common.Image.Height":0,"Common.Image.Width":0,"Common.Resource.Uri":"/resources/fileassets/US-SMPL-25968/0a7285ac/da1cce47-e771-4581-a6cb-6dd6169c155e.jpg","Source.Uri":"https://wwwlistingssearchcbreeun.blob.core.windows.net/fileassets/US-SMPL-25968/0a7285ac/da1cce47-e771-4581-a6cb-6dd6169c155e.jpg"},{"Common.Breakpoint":"small","Common.Image.Height":426,"Common.Image.Width":640,"Common.Resource.Uri":"/resources/fileassets/US-SMPL-25968/0a7285ac/da1cce47-e771-4581-a6cb-6dd6169c155e_Photo_4_small.jpg","Source.Uri":"https://wwwlistingssearchcbreeun.blob.core.windows.net/fileassets/US-SMPL-25968/0a7285ac/da1cce47-e771-4581-a6cb-6dd6169c155e.jpg"},{"Common.Breakpoint":"medium","Common.Image.Height":853,"Common.Image.Width":1280,"Common.Resource.Uri":"/resources/fileassets/US-SMPL-25968/0a7285ac/da1cce47-e771-4581-a6cb-6dd6169c155e_Photo_4_medium.jpg","Source.Uri":"https://wwwlistingssearchcbreeun.blob.core.windows.net/fileassets/US-SMPL-25968/0a7285ac/da1cce47-e771-4581-a6cb-6dd6169c155e.jpg"},{"Common.Breakpoint":"large","Common.Image.Height":1067,"Common.Image.Width":1600,"Common.Resource.Uri":"/resources/fileassets/US-SMPL-25968/0a7285ac/da1cce47-e771-4581-a6cb-6dd6169c155e_Photo_4_large.jpg","Source.Uri":"https://wwwlistingssearchcbreeun.blob.core.windows.net/fileassets/US-SMPL-25968/0a7285ac/da1cce47-e771-4581-a6cb-6dd6169c155e.jpg"}]},{"Common.ImageCaption":"14103 Denver West Parkway-print-013-12-Lobby-3600x2400-300dpi","Common.AddWatermark":false,"Common.ImageResources":[{"Common.Breakpoint":"original","Common.Image.Height":0,"Common.Image.Width":0,"Common.Resource.Uri":"/resources/fileassets/US-SMPL-25968/78339441/ca3a735c-8539-40bb-b83b-6b7b3632e69f.jpg","Source.Uri":"https://wwwlistingssearchcbreeun.blob.core.windows.net/fileassets/US-SMPL-25968/78339441/ca3a735c-8539-40bb-b83b-6b7b3632e69f.jpg"},{"Common.Breakpoint":"small","Common.Image.Height":426,"Common.Image.Width":640,"Common.Resource.Uri":"/resources/fileassets/US-SMPL-25968/78339441/ca3a735c-8539-40bb-b83b-6b7b3632e69f_Photo_5_small.jpg","Source.Uri":"https://wwwlistingssearchcbreeun.blob.core.windows.net/fileassets/US-SMPL-25968/78339441/ca3a735c-8539-40bb-b83b-6b7b3632e69f.jpg"},{"Common.Breakpoint":"medium","Common.Image.Height":853,"Common.Image.Width":1280,"Common.Resource.Uri":"/resources/fileassets/US-SMPL-25968/78339441/ca3a735c-8539-40bb-b83b-6b7b3632e69f_Photo_5_medium.jpg","Source.Uri":"https://wwwlistingssearchcbreeun.blob.core.windows.net/fileassets/US-SMPL-25968/78339441/ca3a735c-8539-40bb-b83b-6b7b3632e69f.jpg"},{"Common.Breakpoint":"large","Common.Image.Height":1067,"Common.Image.Width":1600,"Common.Resource.Uri":"/resources/fileassets/US-SMPL-25968/78339441/ca3a735c-8539-40bb-b83b-6b7b3632e69f_Photo_5_large.jpg","Source.Uri":"https://wwwlistingssearchcbreeun.blob.core.windows.net/fileassets/US-SMPL-25968/78339441/ca3a735c-8539-40bb-b83b-6b7b3632e69f.jpg"}]},{"Common.ImageCaption":"14103 Denver West Parkway-print-018-35-Kitchen Facilities-3600x2400-300dpi","Common.AddWatermark":false,"Common.ImageResources":[{"Common.Breakpoint":"original","Common.Image.Height":0,"Common.Image.Width":0,"Common.Resource.Uri":"/resources/fileassets/US-SMPL-25968/3aa0d151/e9424253-91b4-4944-b64c-5743dc1ba2f0.jpg","Source.Uri":"https://wwwlistingssearchcbreeun.blob.core.windows.net/fileassets/US-SMPL-25968/3aa0d151/e9424253-91b4-4944-b64c-5743dc1ba2f0.jpg"},{"Common.Breakpoint":"small","Common.Image.Height":426,"Common.Image.Width":640,"Common.Resource.Uri":"/resources/fileassets/US-SMPL-25968/3aa0d151/e9424253-91b4-4944-b64c-5743dc1ba2f0_Photo_6_small.jpg","Source.Uri":"https://wwwlistingssearchcbreeun.blob.core.windows.net/fileassets/US-SMPL-25968/3aa0d151/e9424253-91b4-4944-b64c-5743dc1ba2f0.jpg"},{"Common.Breakpoint":"medium","Common.Image.Height":853,"Common.Image.Width":1280,"Common.Resource.Uri":"/resources/fileassets/US-SMPL-25968/3aa0d151/e9424253-91b4-4944-b64c-5743dc1ba2f0_Photo_6_medium.jpg","Source.Uri":"https://wwwlistingssearchcbreeun.blob.core.windows.net/fileassets/US-SMPL-25968/3aa0d151/e9424253-91b4-4944-b64c-5743dc1ba2f0.jpg"},{"Common.Breakpoint":"large","Common.Image.Height":1067,"Common.Image.Width":1600,"Common.Resource.Uri":"/resources/fileassets/US-SMPL-25968/3aa0d151/e9424253-91b4-4944-b64c-5743dc1ba2f0_Photo_6_large.jpg","Source.Uri":"https://wwwlistingssearchcbreeun.blob.core.windows.net/fileassets/US-SMPL-25968/3aa0d151/e9424253-91b4-4944-b64c-5743dc1ba2f0.jpg"}]},{"Common.ImageCaption":"14103 Denver West Parkway-large-033-7-Fitness Center-1500x1000-72dpi","Common.AddWatermark":false,"Common.ImageResources":[{"Common.Breakpoint":"original","Common.Image.Height":0,"Common.Image.Width":0,"Common.Resource.Uri":"/resources/fileassets/US-SMPL-25968/11d4cfda/7960c7e3-3d1d-46cf-a14b-e9cb88584269.jpg","Source.Uri":"https://wwwlistingssearchcbreeun.blob.core.windows.net/fileassets/US-SMPL-25968/11d4cfda/7960c7e3-3d1d-46cf-a14b-e9cb88584269.jpg"},{"Common.Breakpoint":"small","Common.Image.Height":426,"Common.Image.Width":640,"Common.Resource.Uri":"/resources/fileassets/US-SMPL-25968/11d4cfda/7960c7e3-3d1d-46cf-a14b-e9cb88584269_Photo_7_small.jpg","Source.Uri":"https://wwwlistingssearchcbreeun.blob.core.windows.net/fileassets/US-SMPL-25968/11d4cfda/7960c7e3-3d1d-46cf-a14b-e9cb88584269.jpg"},{"Common.Breakpoint":"medium","Common.Image.Height":853,"Common.Image.Width":1280,"Common.Resource.Uri":"/resources/fileassets/US-SMPL-25968/11d4cfda/7960c7e3-3d1d-46cf-a14b-e9cb88584269_Photo_7_medium.jpg","Source.Uri":"https://wwwlistingssearchcbreeun.blob.core.windows.net/fileassets/US-SMPL-25968/11d4cfda/7960c7e3-3d1d-46cf-a14b-e9cb88584269.jpg"},{"Common.Breakpoint":"large","Common.Image.Height":1066,"Common.Image.Width":1600,"Common.Resource.Uri":"/resources/fileassets/US-SMPL-25968/11d4cfda/7960c7e3-3d1d-46cf-a14b-e9cb88584269_Photo_7_large.jpg","Source.Uri":"https://wwwlistingssearchcbreeun.blob.core.windows.net/fileassets/US-SMPL-25968/11d4cfda/7960c7e3-3d1d-46cf-a14b-e9cb88584269.jpg"}]}],"Common.PrimaryKey":"US-SMPL-25968","Common.Sizes":[{"Common.SizeKind":"MinimumSize","Common.Dimensions":[{"Common.DimensionsUnits":"sqft","Common.Amount":2260}]},{"Common.SizeKind":"TotalSize","Common.Dimensions":[{"Common.DimensionsUnits":"sqft","Common.Amount":2260}]}],"Common.SourceLastupdated":"2021-07-21","Common.SourceSystem":{"Common.Name":"EDP ID","Common.Id":"null"},"Common.Status":"Available","Common.TotalSize":[{"Common.Size":2260,"Common.Units":"sqft"}],"Common.UsageType":"Office","Common.YearBuilt":0,"Industrial.LoadingDocks":0,"Industrial.LoadingDoors":0,"UnitedKingdom.VATPayable":false,"Dynamic.NewHome":false,"Dynamic.UnderOffer":false,"Dynamic.LetUnderOffer":false,"Dynamic.Furnished":"unfurnished","Dynamic.HasSwimmingPool":false,"Dynamic.HasGym":false,"Dynamic.HasDoorkeeper":false,"Dynamic.IsPenthouse":false,"Dynamic.HasBalcony":false,"Dynamic.HasParking":false,"Dynamic.HasLift":false,"Dynamic.HasGarden":false,"Dynamic.DevelopmentOpportunity":false,"Dynamic.HasHotDesks":false,"Dynamic.HasFixedDesks":false,"Dynamic.HasServicedOffices":false,"Dynamic.Has24HourAccess":false,"Dynamic.HasBreakoutSpace":false,"Dynamic.HasRoofTerrace":false,"Dynamic.HasWheelchairAccess":false,"Dynamic.HasTeaCoffee":false,"Dynamic.HasFreeMeetingRooms":false,"Dynamic.HasCleaning":false,"Dynamic.HasShowers":false,"Dynamic.HasReception":false,"Dynamic.HasBicycleRack":false,"Dynamic.HasChildrensPlayArea":false,"Dynamic.HasTerrace":false,"Dynamic.HasAccessControl":false,"Dynamic.HasFloorsRaised":false,"Dynamic.HasStorageArchives":false,"Dynamic.HasWheelchairAccessToilets":false,"Dynamic.HasBarCafeteria":false,"Dynamic.HasBusinessLounge":false,"Dynamic.HasCoworkingArea":false,"Dynamic.HasGenerator":false,"Dynamic.HasElevators":false,"Dynamic.HasDayCare":false,"Dynamic.HasSecurity-24hours/7days":false,"Dynamic.HasFoodService-Cafeteria":false,"Dynamic.HasWalkthrough":false,"Dynamic.HasFlooredURL":false,"Dynamic.LettingCharge":1.66,"Dynamic.NetCharge":null,"Dynamic.SalePrice":null,"Dynamic.MinArea":2260,"Dynamic.TotalArea":2260,"Dynamic.PrimaryImage":{"Common.ImageCaption":"14103 Denver West Parkway-print-006-1-Exterior-3600x2399-300dpi","Common.AddWatermark":false,"Common.ImageResources":[{"Common.Breakpoint":"original","Common.Image.Height":0,"Common.Image.Width":0,"Common.Resource.Uri":"/resources/fileassets/US-SMPL-25968/1d28a529/b53055d3-919e-402b-b6ec-9cc3316dcfbd.jpg","Source.Uri":"https://wwwlistingssearchcbreeun.blob.core.windows.net/fileassets/US-SMPL-25968/1d28a529/b53055d3-919e-402b-b6ec-9cc3316dcfbd.jpg"},{"Common.Breakpoint":"small","Common.Image.Height":426,"Common.Image.Width":640,"Common.Resource.Uri":"/resources/fileassets/US-SMPL-25968/1d28a529/b53055d3-919e-402b-b6ec-9cc3316dcfbd_Photo_1_small.jpg","Source.Uri":"https://wwwlistingssearchcbreeun.blob.core.windows.net/fileassets/US-SMPL-25968/1d28a529/b53055d3-919e-402b-b6ec-9cc3316dcfbd.jpg"},{"Common.Breakpoint":"medium","Common.Image.Height":852,"Common.Image.Width":1280,"Common.Resource.Uri":"/resources/fileassets/US-SMPL-25968/1d28a529/b53055d3-919e-402b-b6ec-9cc3316dcfbd_Photo_1_medium.jpg","Source.Uri":"https://wwwlistingssearchcbreeun.blob.core.windows.net/fileassets/US-SMPL-25968/1d28a529/b53055d3-919e-402b-b6ec-9cc3316dcfbd.jpg"},{"Common.Breakpoint":"large","Common.Image.Height":1066,"Common.Image.Width":1600,"Common.Resource.Uri":"/resources/fileassets/US-SMPL-25968/1d28a529/b53055d3-919e-402b-b6ec-9cc3316dcfbd_Photo_1_large.jpg","Source.Uri":"https://wwwlistingssearchcbreeun.blob.core.windows.net/fileassets/US-SMPL-25968/1d28a529/b53055d3-919e-402b-b6ec-9cc3316dcfbd.jpg"}]},"Dynamic.MaxArea":null,"Dynamic.FlexCharge":null,"Dynamic.MinDesks":2260,"Dynamic.TotalDesks":2260,"Dynamic.GrossLeasableArea":null,"Dynamic.GrossBuildingArea":null,"Dynamic.TotalBuildingSize":null,"Dynamic.MinimumSize":[{"Common.Size":2260,"Common.Units":"sqft"}],"Common.MinimumSize":[{"Common.Size":2260,"Common.Units":"sqft"}],"Dynamic.TotalSize":[{"Common.Size":2260,"Common.Units":"sqft"}]}}},"staticQueryHashes":[]}